Archive member included to satisfy reference by file (symbol)

d:/st/stm32cubeide_1.2.0/stm32cubeide/plugins/com.st.stm32cube.ide.mcu.externaltools.gnu-tools-for-stm32.7-2018-q2-update.win32_1.0.0.201904181610/tools/bin/../lib/gcc/arm-none-eabi/7.3.1/../../../../arm-none-eabi/lib/thumb/v7e-m/fpv4-sp/hard\libc_nano.a(lib_a-errno.o)
                              Core/Src/syscalls.o (__errno)
d:/st/stm32cubeide_1.2.0/stm32cubeide/plugins/com.st.stm32cube.ide.mcu.externaltools.gnu-tools-for-stm32.7-2018-q2-update.win32_1.0.0.201904181610/tools/bin/../lib/gcc/arm-none-eabi/7.3.1/../../../../arm-none-eabi/lib/thumb/v7e-m/fpv4-sp/hard\libc_nano.a(lib_a-exit.o)
                              d:/st/stm32cubeide_1.2.0/stm32cubeide/plugins/com.st.stm32cube.ide.mcu.externaltools.gnu-tools-for-stm32.7-2018-q2-update.win32_1.0.0.201904181610/tools/bin/../lib/gcc/arm-none-eabi/7.3.1/../../../../arm-none-eabi/lib/thumb/v7e-m/fpv4-sp/hard/crt0.o (exit)
d:/st/stm32cubeide_1.2.0/stm32cubeide/plugins/com.st.stm32cube.ide.mcu.externaltools.gnu-tools-for-stm32.7-2018-q2-update.win32_1.0.0.201904181610/tools/bin/../lib/gcc/arm-none-eabi/7.3.1/../../../../arm-none-eabi/lib/thumb/v7e-m/fpv4-sp/hard\libc_nano.a(lib_a-impure.o)
                              d:/st/stm32cubeide_1.2.0/stm32cubeide/plugins/com.st.stm32cube.ide.mcu.externaltools.gnu-tools-for-stm32.7-2018-q2-update.win32_1.0.0.201904181610/tools/bin/../lib/gcc/arm-none-eabi/7.3.1/../../../../arm-none-eabi/lib/thumb/v7e-m/fpv4-sp/hard\libc_nano.a(lib_a-exit.o) (_global_impure_ptr)
d:/st/stm32cubeide_1.2.0/stm32cubeide/plugins/com.st.stm32cube.ide.mcu.externaltools.gnu-tools-for-stm32.7-2018-q2-update.win32_1.0.0.201904181610/tools/bin/../lib/gcc/arm-none-eabi/7.3.1/../../../../arm-none-eabi/lib/thumb/v7e-m/fpv4-sp/hard\libc_nano.a(lib_a-init.o)
                              d:/st/stm32cubeide_1.2.0/stm32cubeide/plugins/com.st.stm32cube.ide.mcu.externaltools.gnu-tools-for-stm32.7-2018-q2-update.win32_1.0.0.201904181610/tools/bin/../lib/gcc/arm-none-eabi/7.3.1/../../../../arm-none-eabi/lib/thumb/v7e-m/fpv4-sp/hard/crt0.o (__libc_init_array)
d:/st/stm32cubeide_1.2.0/stm32cubeide/plugins/com.st.stm32cube.ide.mcu.externaltools.gnu-tools-for-stm32.7-2018-q2-update.win32_1.0.0.201904181610/tools/bin/../lib/gcc/arm-none-eabi/7.3.1/../../../../arm-none-eabi/lib/thumb/v7e-m/fpv4-sp/hard\libc_nano.a(lib_a-memcpy-stub.o)
                              Core/Src/CC120x.o (memcpy)
d:/st/stm32cubeide_1.2.0/stm32cubeide/plugins/com.st.stm32cube.ide.mcu.externaltools.gnu-tools-for-stm32.7-2018-q2-update.win32_1.0.0.201904181610/tools/bin/../lib/gcc/arm-none-eabi/7.3.1/../../../../arm-none-eabi/lib/thumb/v7e-m/fpv4-sp/hard\libc_nano.a(lib_a-memset.o)
                              d:/st/stm32cubeide_1.2.0/stm32cubeide/plugins/com.st.stm32cube.ide.mcu.externaltools.gnu-tools-for-stm32.7-2018-q2-update.win32_1.0.0.201904181610/tools/bin/../lib/gcc/arm-none-eabi/7.3.1/../../../../arm-none-eabi/lib/thumb/v7e-m/fpv4-sp/hard/crt0.o (memset)
d:/st/stm32cubeide_1.2.0/stm32cubeide/plugins/com.st.stm32cube.ide.mcu.externaltools.gnu-tools-for-stm32.7-2018-q2-update.win32_1.0.0.201904181610/tools/bin/../lib/gcc/arm-none-eabi/7.3.1/thumb/v7e-m/fpv4-sp/hard\libgcc.a(_aeabi_uldivmod.o)
                              Drivers/STM32F4xx_HAL_Driver/Src/stm32f4xx_hal_rcc.o (__aeabi_uldivmod)
d:/st/stm32cubeide_1.2.0/stm32cubeide/plugins/com.st.stm32cube.ide.mcu.externaltools.gnu-tools-for-stm32.7-2018-q2-update.win32_1.0.0.201904181610/tools/bin/../lib/gcc/arm-none-eabi/7.3.1/thumb/v7e-m/fpv4-sp/hard\libgcc.a(_udivmoddi4.o)
                              d:/st/stm32cubeide_1.2.0/stm32cubeide/plugins/com.st.stm32cube.ide.mcu.externaltools.gnu-tools-for-stm32.7-2018-q2-update.win32_1.0.0.201904181610/tools/bin/../lib/gcc/arm-none-eabi/7.3.1/thumb/v7e-m/fpv4-sp/hard\libgcc.a(_aeabi_uldivmod.o) (__udivmoddi4)
d:/st/stm32cubeide_1.2.0/stm32cubeide/plugins/com.st.stm32cube.ide.mcu.externaltools.gnu-tools-for-stm32.7-2018-q2-update.win32_1.0.0.201904181610/tools/bin/../lib/gcc/arm-none-eabi/7.3.1/thumb/v7e-m/fpv4-sp/hard\libgcc.a(_dvmd_tls.o)
                              d:/st/stm32cubeide_1.2.0/stm32cubeide/plugins/com.st.stm32cube.ide.mcu.externaltools.gnu-tools-for-stm32.7-2018-q2-update.win32_1.0.0.201904181610/tools/bin/../lib/gcc/arm-none-eabi/7.3.1/thumb/v7e-m/fpv4-sp/hard\libgcc.a(_aeabi_uldivmod.o) (__aeabi_ldiv0)

Allocating common symbols
Common symbol       size              file

rxbuf               0x10              Core/Src/cc120x_spi.o
GPIO_Pin            0x2               Core/Src/CC120x.o
GPIOx               0x4               Core/Src/CC120x.o
uwTick              0x4               Drivers/STM32F4xx_HAL_Driver/Src/stm32f4xx_hal.o
pFlash              0x20              Drivers/STM32F4xx_HAL_Driver/Src/stm32f4xx_hal_flash.o
hspi3               0x58              Core/Src/spi.o
huart1              0x40              Core/Src/usart.o
spi                 0x58              Core/Src/CC120x.o
[...]
Memory Configuration

Name             Origin             Length             Attributes
CCMRAM           0x0000000010000000 0x0000000000010000 xrw
RAM              0x0000000020000000 0x0000000000020000 xrw
FLASH            0x0000000008000000 0x0000000000100000 xr
*default*        0x0000000000000000 0xffffffffffffffff

Linker script and memory map

LOAD d:/st/stm32cubeide_1.2.0/stm32cubeide/plugins/com.st.stm32cube.ide.mcu.externaltools.gnu-tools-for-stm32.7-2018-q2-update.win32_1.0.0.201904181610/tools/bin/../lib/gcc/arm-none-eabi/7.3.1/thumb/v7e-m/fpv4-sp/hard/crti.o
LOAD d:/st/stm32cubeide_1.2.0/stm32cubeide/plugins/com.st.stm32cube.ide.mcu.externaltools.gnu-tools-for-stm32.7-2018-q2-update.win32_1.0.0.201904181610/tools/bin/../lib/gcc/arm-none-eabi/7.3.1/thumb/v7e-m/fpv4-sp/hard/crtbegin.o
LOAD d:/st/stm32cubeide_1.2.0/stm32cubeide/plugins/com.st.stm32cube.ide.mcu.externaltools.gnu-tools-for-stm32.7-2018-q2-update.win32_1.0.0.201904181610/tools/bin/../lib/gcc/arm-none-eabi/7.3.1/../../../../arm-none-eabi/lib/thumb/v7e-m/fpv4-sp/hard/crt0.o
LOAD Core/Src/CC120x.o
LOAD Core/Src/cc120x_spi.o
LOAD Core/Src/gpio.o
LOAD Core/Src/hal_spi_rf_trxeb.o
LOAD Core/Src/main.o
LOAD Core/Src/spi.o
LOAD Core/Src/stm32f4xx_hal_msp.o
LOAD Core/Src/stm32f4xx_it.o
LOAD Core/Src/syscalls.o
LOAD Core/Src/sysmem.o
LOAD Core/Src/system_stm32f4xx.o
LOAD Core/Src/usart.o
LOAD Core/Startup/startup_stm32f407vgtx.o
LOAD Drivers/STM32F4xx_HAL_Driver/Src/stm32f4xx_hal.o
LOAD Drivers/STM32F4xx_HAL_Driver/Src/stm32f4xx_hal_cortex.o
LOAD Drivers/STM32F4xx_HAL_Driver/Src/stm32f4xx_hal_dma.o
LOAD Drivers/STM32F4xx_HAL_Driver/Src/stm32f4xx_hal_dma_ex.o
LOAD Drivers/STM32F4xx_HAL_Driver/Src/stm32f4xx_hal_exti.o
LOAD Drivers/STM32F4xx_HAL_Driver/Src/stm32f4xx_hal_flash.o
LOAD Drivers/STM32F4xx_HAL_Driver/Src/stm32f4xx_hal_flash_ex.o
LOAD Drivers/STM32F4xx_HAL_Driver/Src/stm32f4xx_hal_flash_ramfunc.o
LOAD Drivers/STM32F4xx_HAL_Driver/Src/stm32f4xx_hal_gpio.o
LOAD Drivers/STM32F4xx_HAL_Driver/Src/stm32f4xx_hal_pwr.o
LOAD Drivers/STM32F4xx_HAL_Driver/Src/stm32f4xx_hal_pwr_ex.o
LOAD Drivers/STM32F4xx_HAL_Driver/Src/stm32f4xx_hal_rcc.o
LOAD Drivers/STM32F4xx_HAL_Driver/Src/stm32f4xx_hal_rcc_ex.o
LOAD Drivers/STM32F4xx_HAL_Driver/Src/stm32f4xx_hal_spi.o
LOAD Drivers/STM32F4xx_HAL_Driver/Src/stm32f4xx_hal_tim.o
LOAD Drivers/STM32F4xx_HAL_Driver/Src/stm32f4xx_hal_tim_ex.o
LOAD Drivers/STM32F4xx_HAL_Driver/Src/stm32f4xx_hal_uart.o
START GROUP
LOAD d:/st/stm32cubeide_1.2.0/stm32cubeide/plugins/com.st.stm32cube.ide.mcu.externaltools.gnu-tools-for-stm32.7-2018-q2-update.win32_1.0.0.201904181610/tools/bin/../lib/gcc/arm-none-eabi/7.3.1/../../../../arm-none-eabi/lib/thumb/v7e-m/fpv4-sp/hard\libc_nano.a
LOAD d:/st/stm32cubeide_1.2.0/stm32cubeide/plugins/com.st.stm32cube.ide.mcu.externaltools.gnu-tools-for-stm32.7-2018-q2-update.win32_1.0.0.201904181610/tools/bin/../lib/gcc/arm-none-eabi/7.3.1/../../../../arm-none-eabi/lib/thumb/v7e-m/fpv4-sp/hard\libm.a
END GROUP
START GROUP
LOAD d:/st/stm32cubeide_1.2.0/stm32cubeide/plugins/com.st.stm32cube.ide.mcu.externaltools.gnu-tools-for-stm32.7-2018-q2-update.win32_1.0.0.201904181610/tools/bin/../lib/gcc/arm-none-eabi/7.3.1/thumb/v7e-m/fpv4-sp/hard\libgcc.a
LOAD d:/st/stm32cubeide_1.2.0/stm32cubeide/plugins/com.st.stm32cube.ide.mcu.externaltools.gnu-tools-for-stm32.7-2018-q2-update.win32_1.0.0.201904181610/tools/bin/../lib/gcc/arm-none-eabi/7.3.1/../../../../arm-none-eabi/lib/thumb/v7e-m/fpv4-sp/hard\libc_nano.a
END GROUP
START GROUP
LOAD d:/st/stm32cubeide_1.2.0/stm32cubeide/plugins/com.st.stm32cube.ide.mcu.externaltools.gnu-tools-for-stm32.7-2018-q2-update.win32_1.0.0.201904181610/tools/bin/../lib/gcc/arm-none-eabi/7.3.1/thumb/v7e-m/fpv4-sp/hard\libgcc.a
LOAD d:/st/stm32cubeide_1.2.0/stm32cubeide/plugins/com.st.stm32cube.ide.mcu.externaltools.gnu-tools-for-stm32.7-2018-q2-update.win32_1.0.0.201904181610/tools/bin/../lib/gcc/arm-none-eabi/7.3.1/../../../../arm-none-eabi/lib/thumb/v7e-m/fpv4-sp/hard\libc_nano.a
LOAD d:/st/stm32cubeide_1.2.0/stm32cubeide/plugins/com.st.stm32cube.ide.mcu.externaltools.gnu-tools-for-stm32.7-2018-q2-update.win32_1.0.0.201904181610/tools/bin/../lib/gcc/arm-none-eabi/7.3.1/../../../../arm-none-eabi/lib/thumb/v7e-m/fpv4-sp/hard\libnosys.a
END GROUP
START GROUP
LOAD d:/st/stm32cubeide_1.2.0/stm32cubeide/plugins/com.st.stm32cube.ide.mcu.externaltools.gnu-tools-for-stm32.7-2018-q2-update.win32_1.0.0.201904181610/tools/bin/../lib/gcc/arm-none-eabi/7.3.1/thumb/v7e-m/fpv4-sp/hard\libgcc.a
LOAD d:/st/stm32cubeide_1.2.0/stm32cubeide/plugins/com.st.stm32cube.ide.mcu.externaltools.gnu-tools-for-stm32.7-2018-q2-update.win32_1.0.0.201904181610/tools/bin/../lib/gcc/arm-none-eabi/7.3.1/../../../../arm-none-eabi/lib/thumb/v7e-m/fpv4-sp/hard\libc_nano.a
LOAD d:/st/stm32cubeide_1.2.0/stm32cubeide/plugins/com.st.stm32cube.ide.mcu.externaltools.gnu-tools-for-stm32.7-2018-q2-update.win32_1.0.0.201904181610/tools/bin/../lib/gcc/arm-none-eabi/7.3.1/../../../../arm-none-eabi/lib/thumb/v7e-m/fpv4-sp/hard\libnosys.a
END GROUP
LOAD d:/st/stm32cubeide_1.2.0/stm32cubeide/plugins/com.st.stm32cube.ide.mcu.externaltools.gnu-tools-for-stm32.7-2018-q2-update.win32_1.0.0.201904181610/tools/bin/../lib/gcc/arm-none-eabi/7.3.1/thumb/v7e-m/fpv4-sp/hard/crtend.o
LOAD d:/st/stm32cubeide_1.2.0/stm32cubeide/plugins/com.st.stm32cube.ide.mcu.externaltools.gnu-tools-for-stm32.7-2018-q2-update.win32_1.0.0.201904181610/tools/bin/../lib/gcc/arm-none-eabi/7.3.1/thumb/v7e-m/fpv4-sp/hard/crtn.o
                0x0000000020020000                _estack = (ORIGIN (RAM) + LENGTH (RAM))
                0x0000000000000200                _Min_Heap_Size = 0x200
                0x0000000000000400                _Min_Stack_Size = 0x400

.isr_vector     0x0000000008000000      0x188
                0x0000000008000000                . = ALIGN (0x4)
 *(.isr_vector)
 .isr_vector    0x0000000008000000      0x188 Core/Startup/startup_stm32f407vgtx.o
                0x0000000008000000                g_pfnVectors
                0x0000000008000188                . = ALIGN (0x4)

.text           0x0000000008000188     0x2c40
                0x0000000008000188                . = ALIGN (0x4)
 *(.text)
 .text          0x0000000008000188       0x40 d:/st/stm32cubeide_1.2.0/stm32cubeide/plugins/com.st.stm32cube.ide.mcu.externaltools.gnu-tools-for-stm32.7-2018-q2-update.win32_1.0.0.201904181610/tools/bin/../lib/gcc/arm-none-eabi/7.3.1/thumb/v7e-m/fpv4-sp/hard/crtbegin.o
 .text          0x00000000080001c8       0x30 d:/st/stm32cubeide_1.2.0/stm32cubeide/plugins/com.st.stm32cube.ide.mcu.externaltools.gnu-tools-for-stm32.7-2018-q2-update.win32_1.0.0.201904181610/tools/bin/../lib/gcc/arm-none-eabi/7.3.1/thumb/v7e-m/fpv4-sp/hard\libgcc.a(_aeabi_uldivmod.o)
                0x00000000080001c8                __aeabi_uldivmod
 .text          0x00000000080001f8      0x2cc d:/st/stm32cubeide_1.2.0/stm32cubeide/plugins/com.st.stm32cube.ide.mcu.externaltools.gnu-tools-for-stm32.7-2018-q2-update.win32_1.0.0.201904181610/tools/bin/../lib/gcc/arm-none-eabi/7.3.1/thumb/v7e-m/fpv4-sp/hard\libgcc.a(_udivmoddi4.o)
                0x00000000080001f8                __udivmoddi4
 .text          0x00000000080004c4        0x4 d:/st/stm32cubeide_1.2.0/stm32cubeide/plugins/com.st.stm32cube.ide.mcu.externaltools.gnu-tools-for-stm32.7-2018-q2-update.win32_1.0.0.201904181610/tools/bin/../lib/gcc/arm-none-eabi/7.3.1/thumb/v7e-m/fpv4-sp/hard\libgcc.a(_dvmd_tls.o)
                0x00000000080004c4                __aeabi_idiv0
                0x00000000080004c4                __aeabi_ldiv0
 *(.text*)
 .text.CC120x_Init
                0x00000000080004c8       0x48 Core/Src/CC120x.o
                0x00000000080004c8                CC120x_Init
 .text.CC120x_WriteStrobe
                0x0000000008000510       0x2e Core/Src/CC120x.o
                0x0000000008000510                CC120x_WriteStrobe
 *fill*         0x000000000800053e        0x2 
 .text.CC120x_ReadSingleReg
                0x0000000008000540       0x7c Core/Src/CC120x.o
                0x0000000008000540                CC120x_ReadSingleReg
 .text.CC120x_WriteSingleReg
                0x00000000080005bc       0x70 Core/Src/CC120x.o
                0x00000000080005bc                CC120x_WriteSingleReg
 .text.CC120x_Write
                0x000000000800062c       0x58 Core/Src/CC120x.o
                0x000000000800062c                CC120x_Write
 .text.MX_GPIO_Init
                0x0000000008000684      0x130 Core/Src/gpio.o
                0x0000000008000684                MX_GPIO_Init
 .text.main     0x00000000080007b4       0x8c Core/Src/main.o
                0x00000000080007b4                main
 .text.SystemClock_Config
                0x0000000008000840       0xd4 Core/Src/main.o
                0x0000000008000840                SystemClock_Config
 .text.Error_Handler
                0x0000000008000914        0xe Core/Src/main.o
                0x0000000008000914                Error_Handler
 *fill*         0x0000000008000922        0x2 
 .text.MX_SPI3_Init
                0x0000000008000924       0x6c Core/Src/spi.o
                0x0000000008000924                MX_SPI3_Init
 .text.HAL_SPI_MspInit
                0x0000000008000990       0x90 Core/Src/spi.o
                0x0000000008000990                HAL_SPI_MspInit
 .text.HAL_MspInit
                0x0000000008000a20       0x50 Core/Src/stm32f4xx_hal_msp.o
                0x0000000008000a20                HAL_MspInit
 .text.NMI_Handler
                0x0000000008000a70        0xe Core/Src/stm32f4xx_it.o
                0x0000000008000a70                NMI_Handler
 .text.HardFault_Handler
                0x0000000008000a7e        0x6 Core/Src/stm32f4xx_it.o
                0x0000000008000a7e                HardFault_Handler
 .text.MemManage_Handler
                0x0000000008000a84        0x6 Core/Src/stm32f4xx_it.o
                0x0000000008000a84                MemManage_Handler
 .text.BusFault_Handler
                0x0000000008000a8a        0x6 Core/Src/stm32f4xx_it.o
                0x0000000008000a8a                BusFault_Handler
 .text.UsageFault_Handler
                0x0000000008000a90        0x6 Core/Src/stm32f4xx_it.o
                0x0000000008000a90                UsageFault_Handler
 .text.SVC_Handler
                0x0000000008000a96        0xe Core/Src/stm32f4xx_it.o
                0x0000000008000a96                SVC_Handler
 .text.DebugMon_Handler
                0x0000000008000aa4        0xe Core/Src/stm32f4xx_it.o
                0x0000000008000aa4                DebugMon_Handler
 .text.PendSV_Handler
                0x0000000008000ab2        0xe Core/Src/stm32f4xx_it.o
                0x0000000008000ab2                PendSV_Handler
 .text.SysTick_Handler
                0x0000000008000ac0        0xc Core/Src/stm32f4xx_it.o
                0x0000000008000ac0                SysTick_Handler
 .text.SystemInit
                0x0000000008000acc       0x2c Core/Src/system_stm32f4xx.o
                0x0000000008000acc                SystemInit
 .text.MX_USART1_UART_Init
                0x0000000008000af8       0x54 Core/Src/usart.o
                0x0000000008000af8                MX_USART1_UART_Init
 .text.HAL_UART_MspInit
                0x0000000008000b4c       0x90 Core/Src/usart.o
                0x0000000008000b4c                HAL_UART_MspInit
 .text.Reset_Handler
                0x0000000008000bdc       0x50 Core/Startup/startup_stm32f407vgtx.o
                0x0000000008000bdc                Reset_Handler
 .text.Default_Handler
                0x0000000008000c2c        0x2 Core/Startup/startup_stm32f407vgtx.o
                0x0000000008000c2c                RTC_Alarm_IRQHandler
                0x0000000008000c2c                HASH_RNG_IRQHandler
                0x0000000008000c2c                EXTI2_IRQHandler
                0x0000000008000c2c                TIM8_CC_IRQHandler
                0x0000000008000c2c                TIM1_CC_IRQHandler
                0x0000000008000c2c                DMA2_Stream5_IRQHandler
                0x0000000008000c2c                DMA1_Stream5_IRQHandler
                0x0000000008000c2c                PVD_IRQHandler
                0x0000000008000c2c                SDIO_IRQHandler
                0x0000000008000c2c                TAMP_STAMP_IRQHandler
                0x0000000008000c2c                CAN2_RX1_IRQHandler
                0x0000000008000c2c                EXTI3_IRQHandler
                0x0000000008000c2c                TIM8_TRG_COM_TIM14_IRQHandler
                0x0000000008000c2c                TIM1_UP_TIM10_IRQHandler
                0x0000000008000c2c                TIM8_UP_TIM13_IRQHandler
                0x0000000008000c2c                I2C3_ER_IRQHandler
                0x0000000008000c2c                EXTI0_IRQHandler
                0x0000000008000c2c                I2C2_EV_IRQHandler
                0x0000000008000c2c                DMA1_Stream2_IRQHandler
                0x0000000008000c2c                CAN1_RX0_IRQHandler
                0x0000000008000c2c                FPU_IRQHandler
                0x0000000008000c2c                OTG_HS_WKUP_IRQHandler
                0x0000000008000c2c                CAN2_SCE_IRQHandler
                0x0000000008000c2c                DMA2_Stream2_IRQHandler
                0x0000000008000c2c                SPI1_IRQHandler
                0x0000000008000c2c                TIM6_DAC_IRQHandler
                0x0000000008000c2c                TIM1_BRK_TIM9_IRQHandler
                0x0000000008000c2c                DCMI_IRQHandler
                0x0000000008000c2c                CAN2_RX0_IRQHandler
                0x0000000008000c2c                DMA2_Stream3_IRQHandler
                0x0000000008000c2c                USART6_IRQHandler
                0x0000000008000c2c                USART3_IRQHandler
                0x0000000008000c2c                CAN1_RX1_IRQHandler
                0x0000000008000c2c                UART5_IRQHandler
                0x0000000008000c2c                DMA2_Stream0_IRQHandler
                0x0000000008000c2c                TIM4_IRQHandler
                0x0000000008000c2c                I2C1_EV_IRQHandler
                0x0000000008000c2c                DMA1_Stream6_IRQHandler
                0x0000000008000c2c                DMA1_Stream1_IRQHandler
                0x0000000008000c2c                UART4_IRQHandler
                0x0000000008000c2c                TIM3_IRQHandler
                0x0000000008000c2c                RCC_IRQHandler
                0x0000000008000c2c                TIM8_BRK_TIM12_IRQHandler
                0x0000000008000c2c                Default_Handler
                0x0000000008000c2c                EXTI15_10_IRQHandler
                0x0000000008000c2c                ADC_IRQHandler
                0x0000000008000c2c                DMA1_Stream7_IRQHandler
                0x0000000008000c2c                TIM7_IRQHandler
                0x0000000008000c2c                CAN2_TX_IRQHandler
                0x0000000008000c2c                TIM5_IRQHandler
                0x0000000008000c2c                DMA2_Stream7_IRQHandler
                0x0000000008000c2c                I2C3_EV_IRQHandler
                0x0000000008000c2c                EXTI9_5_IRQHandler
                0x0000000008000c2c                RTC_WKUP_IRQHandler
                0x0000000008000c2c                ETH_WKUP_IRQHandler
                0x0000000008000c2c                SPI2_IRQHandler
                0x0000000008000c2c                OTG_HS_EP1_IN_IRQHandler
                0x0000000008000c2c                DMA1_Stream0_IRQHandler
                0x0000000008000c2c                CAN1_TX_IRQHandler
                0x0000000008000c2c                EXTI4_IRQHandler
                0x0000000008000c2c                FSMC_IRQHandler
                0x0000000008000c2c                ETH_IRQHandler
                0x0000000008000c2c                OTG_HS_EP1_OUT_IRQHandler
                0x0000000008000c2c                WWDG_IRQHandler
                0x0000000008000c2c                TIM2_IRQHandler
                0x0000000008000c2c                OTG_FS_WKUP_IRQHandler
                0x0000000008000c2c                TIM1_TRG_COM_TIM11_IRQHandler
                0x0000000008000c2c                OTG_HS_IRQHandler
                0x0000000008000c2c                EXTI1_IRQHandler
                0x0000000008000c2c                USART2_IRQHandler
                0x0000000008000c2c                I2C2_ER_IRQHandler
                0x0000000008000c2c                DMA2_Stream1_IRQHandler
                0x0000000008000c2c                CAN1_SCE_IRQHandler
                0x0000000008000c2c                FLASH_IRQHandler
                0x0000000008000c2c                DMA2_Stream4_IRQHandler
                0x0000000008000c2c                USART1_IRQHandler
                0x0000000008000c2c                OTG_FS_IRQHandler
                0x0000000008000c2c                SPI3_IRQHandler
                0x0000000008000c2c                DMA1_Stream4_IRQHandler
                0x0000000008000c2c                I2C1_ER_IRQHandler
                0x0000000008000c2c                DMA2_Stream6_IRQHandler
                0x0000000008000c2c                DMA1_Stream3_IRQHandler
 *fill*         0x0000000008000c2e        0x2 
 .text.HAL_Init
                0x0000000008000c30       0x44 Drivers/STM32F4xx_HAL_Driver/Src/stm32f4xx_hal.o
                0x0000000008000c30                HAL_Init
 .text.HAL_InitTick
                0x0000000008000c74       0x60 Drivers/STM32F4xx_HAL_Driver/Src/stm32f4xx_hal.o
                0x0000000008000c74                HAL_InitTick
 .text.HAL_IncTick
                0x0000000008000cd4       0x28 Drivers/STM32F4xx_HAL_Driver/Src/stm32f4xx_hal.o
                0x0000000008000cd4                HAL_IncTick
 .text.HAL_GetTick
                0x0000000008000cfc       0x18 Drivers/STM32F4xx_HAL_Driver/Src/stm32f4xx_hal.o
                0x0000000008000cfc                HAL_GetTick
 .text.HAL_Delay
                0x0000000008000d14       0x44 Drivers/STM32F4xx_HAL_Driver/Src/stm32f4xx_hal.o
                0x0000000008000d14                HAL_Delay
 .text.__NVIC_SetPriorityGrouping
                0x0000000008000d58       0x48 Drivers/STM32F4xx_HAL_Driver/Src/stm32f4xx_hal_cortex.o
 .text.__NVIC_GetPriorityGrouping
                0x0000000008000da0       0x1c Drivers/STM32F4xx_HAL_Driver/Src/stm32f4xx_hal_cortex.o
 .text.__NVIC_SetPriority
                0x0000000008000dbc       0x54 Drivers/STM32F4xx_HAL_Driver/Src/stm32f4xx_hal_cortex.o
 .text.NVIC_EncodePriority
                0x0000000008000e10       0x66 Drivers/STM32F4xx_HAL_Driver/Src/stm32f4xx_hal_cortex.o
 *fill*         0x0000000008000e76        0x2 
 .text.SysTick_Config
                0x0000000008000e78       0x44 Drivers/STM32F4xx_HAL_Driver/Src/stm32f4xx_hal_cortex.o
 .text.HAL_NVIC_SetPriorityGrouping
                0x0000000008000ebc       0x16 Drivers/STM32F4xx_HAL_Driver/Src/stm32f4xx_hal_cortex.o
                0x0000000008000ebc                HAL_NVIC_SetPriorityGrouping
 .text.HAL_NVIC_SetPriority
                0x0000000008000ed2       0x38 Drivers/STM32F4xx_HAL_Driver/Src/stm32f4xx_hal_cortex.o
                0x0000000008000ed2                HAL_NVIC_SetPriority
 .text.HAL_SYSTICK_Config
                0x0000000008000f0a       0x18 Drivers/STM32F4xx_HAL_Driver/Src/stm32f4xx_hal_cortex.o
                0x0000000008000f0a                HAL_SYSTICK_Config
 *fill*         0x0000000008000f22        0x2 
 .text.HAL_GPIO_Init
                0x0000000008000f24      0x334 Drivers/STM32F4xx_HAL_Driver/Src/stm32f4xx_hal_gpio.o
                0x0000000008000f24                HAL_GPIO_Init
 .text.HAL_GPIO_WritePin
                0x0000000008001258       0x32 Drivers/STM32F4xx_HAL_Driver/Src/stm32f4xx_hal_gpio.o
                0x0000000008001258                HAL_GPIO_WritePin
 *fill*         0x000000000800128a        0x2 
 .text.HAL_RCC_OscConfig
                0x000000000800128c      0x4e0 Drivers/STM32F4xx_HAL_Driver/Src/stm32f4xx_hal_rcc.o
                0x000000000800128c                HAL_RCC_OscConfig
 .text.HAL_RCC_ClockConfig
                0x000000000800176c      0x1cc Drivers/STM32F4xx_HAL_Driver/Src/stm32f4xx_hal_rcc.o
                0x000000000800176c                HAL_RCC_ClockConfig
 .text.HAL_RCC_GetSysClockFreq
                0x0000000008001938      0x164 Drivers/STM32F4xx_HAL_Driver/Src/stm32f4xx_hal_rcc.o
                0x0000000008001938                HAL_RCC_GetSysClockFreq
 .text.HAL_RCC_GetHCLKFreq
                0x0000000008001a9c       0x18 Drivers/STM32F4xx_HAL_Driver/Src/stm32f4xx_hal_rcc.o
                0x0000000008001a9c                HAL_RCC_GetHCLKFreq
 .text.HAL_RCC_GetPCLK1Freq
                0x0000000008001ab4       0x28 Drivers/STM32F4xx_HAL_Driver/Src/stm32f4xx_hal_rcc.o
                0x0000000008001ab4                HAL_RCC_GetPCLK1Freq
 .text.HAL_RCC_GetPCLK2Freq
                0x0000000008001adc       0x28 Drivers/STM32F4xx_HAL_Driver/Src/stm32f4xx_hal_rcc.o
                0x0000000008001adc                HAL_RCC_GetPCLK2Freq
 .text.HAL_SPI_Init
                0x0000000008001b04       0xc8 Drivers/STM32F4xx_HAL_Driver/Src/stm32f4xx_hal_spi.o
                0x0000000008001b04                HAL_SPI_Init
 .text.HAL_SPI_Transmit
                0x0000000008001bcc      0x268 Drivers/STM32F4xx_HAL_Driver/Src/stm32f4xx_hal_spi.o
                0x0000000008001bcc                HAL_SPI_Transmit
 .text.HAL_SPI_Receive
                0x0000000008001e34      0x212 Drivers/STM32F4xx_HAL_Driver/Src/stm32f4xx_hal_spi.o
                0x0000000008001e34                HAL_SPI_Receive
 .text.HAL_SPI_TransmitReceive
                0x0000000008002046      0x344 Drivers/STM32F4xx_HAL_Driver/Src/stm32f4xx_hal_spi.o
                0x0000000008002046                HAL_SPI_TransmitReceive
 .text.SPI_WaitFlagStateUntilTimeout
                0x000000000800238a       0xd4 Drivers/STM32F4xx_HAL_Driver/Src/stm32f4xx_hal_spi.o
 .text.SPI_EndRxTransaction
                0x000000000800245e       0xca Drivers/STM32F4xx_HAL_Driver/Src/stm32f4xx_hal_spi.o
 .text.SPI_EndRxTxTransaction
                0x0000000008002528       0x84 Drivers/STM32F4xx_HAL_Driver/Src/stm32f4xx_hal_spi.o
 .text.HAL_UART_Init
                0x00000000080025ac       0x9a Drivers/STM32F4xx_HAL_Driver/Src/stm32f4xx_hal_uart.o
                0x00000000080025ac                HAL_UART_Init
 *fill*         0x0000000008002646        0x2 
 .text.UART_SetConfig
                0x0000000008002648      0x6f8 Drivers/STM32F4xx_HAL_Driver/Src/stm32f4xx_hal_uart.o
 .text.__libc_init_array
                0x0000000008002d40       0x48 d:/st/stm32cubeide_1.2.0/stm32cubeide/plugins/com.st.stm32cube.ide.mcu.externaltools.gnu-tools-for-stm32.7-2018-q2-update.win32_1.0.0.201904181610/tools/bin/../lib/gcc/arm-none-eabi/7.3.1/../../../../arm-none-eabi/lib/thumb/v7e-m/fpv4-sp/hard\libc_nano.a(lib_a-init.o)
                0x0000000008002d40                __libc_init_array
 .text.memcpy   0x0000000008002d88       0x16 d:/st/stm32cubeide_1.2.0/stm32cubeide/plugins/com.st.stm32cube.ide.mcu.externaltools.gnu-tools-for-stm32.7-2018-q2-update.win32_1.0.0.201904181610/tools/bin/../lib/gcc/arm-none-eabi/7.3.1/../../../../arm-none-eabi/lib/thumb/v7e-m/fpv4-sp/hard\libc_nano.a(lib_a-memcpy-stub.o)
                0x0000000008002d88                memcpy
 .text.memset   0x0000000008002d9e       0x10 d:/st/stm32cubeide_1.2.0/stm32cubeide/plugins/com.st.stm32cube.ide.mcu.externaltools.gnu-tools-for-stm32.7-2018-q2-update.win32_1.0.0.201904181610/tools/bin/../lib/gcc/arm-none-eabi/7.3.1/../../../../arm-none-eabi/lib/thumb/v7e-m/fpv4-sp/hard\libc_nano.a(lib_a-memset.o)
                0x0000000008002d9e                memset
 *(.glue_7)
 .glue_7        0x0000000008002dae        0x0 linker stubs
 *(.glue_7t)
 .glue_7t       0x0000000008002dae        0x0 linker stubs
 *(.eh_frame)
 *fill*         0x0000000008002dae        0x2 
 .eh_frame      0x0000000008002db0        0x0 d:/st/stm32cubeide_1.2.0/stm32cubeide/plugins/com.st.stm32cube.ide.mcu.externaltools.gnu-tools-for-stm32.7-2018-q2-update.win32_1.0.0.201904181610/tools/bin/../lib/gcc/arm-none-eabi/7.3.1/thumb/v7e-m/fpv4-sp/hard/crtbegin.o
 *(.init)
 .init          0x0000000008002db0        0x4 d:/st/stm32cubeide_1.2.0/stm32cubeide/plugins/com.st.stm32cube.ide.mcu.externaltools.gnu-tools-for-stm32.7-2018-q2-update.win32_1.0.0.201904181610/tools/bin/../lib/gcc/arm-none-eabi/7.3.1/thumb/v7e-m/fpv4-sp/hard/crti.o
                0x0000000008002db0                _init
 .init          0x0000000008002db4        0x8 d:/st/stm32cubeide_1.2.0/stm32cubeide/plugins/com.st.stm32cube.ide.mcu.externaltools.gnu-tools-for-stm32.7-2018-q2-update.win32_1.0.0.201904181610/tools/bin/../lib/gcc/arm-none-eabi/7.3.1/thumb/v7e-m/fpv4-sp/hard/crtn.o
 *(.fini)
 .fini          0x0000000008002dbc        0x4 d:/st/stm32cubeide_1.2.0/stm32cubeide/plugins/com.st.stm32cube.ide.mcu.externaltools.gnu-tools-for-stm32.7-2018-q2-update.win32_1.0.0.201904181610/tools/bin/../lib/gcc/arm-none-eabi/7.3.1/thumb/v7e-m/fpv4-sp/hard/crti.o
                0x0000000008002dbc                _fini
 .fini          0x0000000008002dc0        0x8 d:/st/stm32cubeide_1.2.0/stm32cubeide/plugins/com.st.stm32cube.ide.mcu.externaltools.gnu-tools-for-stm32.7-2018-q2-update.win32_1.0.0.201904181610/tools/bin/../lib/gcc/arm-none-eabi/7.3.1/thumb/v7e-m/fpv4-sp/hard/crtn.o
                0x0000000008002dc8                . = ALIGN (0x4)
                0x0000000008002dc8                _etext = .

.vfp11_veneer   0x0000000008002dc8        0x0
 .vfp11_veneer  0x0000000008002dc8        0x0 linker stubs

.v4_bx          0x0000000008002dc8        0x0
 .v4_bx         0x0000000008002dc8        0x0 linker stubs

.iplt           0x0000000008002dc8        0x0
 .iplt          0x0000000008002dc8        0x0 d:/st/stm32cubeide_1.2.0/stm32cubeide/plugins/com.st.stm32cube.ide.mcu.externaltools.gnu-tools-for-stm32.7-2018-q2-update.win32_1.0.0.201904181610/tools/bin/../lib/gcc/arm-none-eabi/7.3.1/thumb/v7e-m/fpv4-sp/hard/crtbegin.o

.rodata         0x0000000008002dc8       0x18
                0x0000000008002dc8                . = ALIGN (0x4)
 *(.rodata)
 *(.rodata*)
 .rodata.AHBPrescTable
                0x0000000008002dc8       0x10 Core/Src/system_stm32f4xx.o
                0x0000000008002dc8                AHBPrescTable
 .rodata.APBPrescTable
                0x0000000008002dd8        0x8 Core/Src/system_stm32f4xx.o
                0x0000000008002dd8                APBPrescTable
                0x0000000008002de0                . = ALIGN (0x4)

.ARM.extab      0x0000000008002de0        0x0
                0x0000000008002de0                . = ALIGN (0x4)
 *(.ARM.extab* .gnu.linkonce.armextab.*)
                0x0000000008002de0                . = ALIGN (0x4)

.ARM            0x0000000008002de0        0x8
                0x0000000008002de0                . = ALIGN (0x4)
                0x0000000008002de0                __exidx_start = .
 *(.ARM.exidx*)
 .ARM.exidx     0x0000000008002de0        0x8 d:/st/stm32cubeide_1.2.0/stm32cubeide/plugins/com.st.stm32cube.ide.mcu.externaltools.gnu-tools-for-stm32.7-2018-q2-update.win32_1.0.0.201904181610/tools/bin/../lib/gcc/arm-none-eabi/7.3.1/thumb/v7e-m/fpv4-sp/hard\libgcc.a(_udivmoddi4.o)
                0x0000000008002de8                __exidx_end = .
                0x0000000008002de8                . = ALIGN (0x4)

.rel.dyn        0x0000000008002de8        0x0
 .rel.iplt      0x0000000008002de8        0x0 d:/st/stm32cubeide_1.2.0/stm32cubeide/plugins/com.st.stm32cube.ide.mcu.externaltools.gnu-tools-for-stm32.7-2018-q2-update.win32_1.0.0.201904181610/tools/bin/../lib/gcc/arm-none-eabi/7.3.1/thumb/v7e-m/fpv4-sp/hard/crtbegin.o

.preinit_array  0x0000000008002de8        0x0
                0x0000000008002de8                . = ALIGN (0x4)
                0x0000000008002de8                PROVIDE (__preinit_array_start = .)
 *(.preinit_array*)
                0x0000000008002de8                PROVIDE (__preinit_array_end = .)
                0x0000000008002de8                . = ALIGN (0x4)

.init_array     0x0000000008002de8        0x4
                0x0000000008002de8                . = ALIGN (0x4)
                0x0000000008002de8                PROVIDE (__init_array_start = .)
 *(SORT_BY_NAME(.init_array.*))
 *(.init_array*)
 .init_array    0x0000000008002de8        0x4 d:/st/stm32cubeide_1.2.0/stm32cubeide/plugins/com.st.stm32cube.ide.mcu.externaltools.gnu-tools-for-stm32.7-2018-q2-update.win32_1.0.0.201904181610/tools/bin/../lib/gcc/arm-none-eabi/7.3.1/thumb/v7e-m/fpv4-sp/hard/crtbegin.o
                0x0000000008002dec                PROVIDE (__init_array_end = .)
                0x0000000008002dec                . = ALIGN (0x4)

.fini_array     0x0000000008002dec        0x4
                0x0000000008002dec                . = ALIGN (0x4)
                [!provide]                        PROVIDE (__fini_array_start = .)
 *(SORT_BY_NAME(.fini_array.*))
 *(.fini_array*)
 .fini_array    0x0000000008002dec        0x4 d:/st/stm32cubeide_1.2.0/stm32cubeide/plugins/com.st.stm32cube.ide.mcu.externaltools.gnu-tools-for-stm32.7-2018-q2-update.win32_1.0.0.201904181610/tools/bin/../lib/gcc/arm-none-eabi/7.3.1/thumb/v7e-m/fpv4-sp/hard/crtbegin.o
                [!provide]                        PROVIDE (__fini_array_end = .)
                0x0000000008002df0                . = ALIGN (0x4)
                0x0000000008002df0                _sidata = LOADADDR (.data)

.data           0x0000000020000000        0xc load address 0x0000000008002df0
                0x0000000020000000                . = ALIGN (0x4)
                0x0000000020000000                _sdata = .
 *(.data)
 *(.data*)
 .data.SystemCoreClock
                0x0000000020000000        0x4 Core/Src/system_stm32f4xx.o
                0x0000000020000000                SystemCoreClock
 .data.uwTickPrio
                0x0000000020000004        0x4 Drivers/STM32F4xx_HAL_Driver/Src/stm32f4xx_hal.o
                0x0000000020000004                uwTickPrio
 .data.uwTickFreq
                0x0000000020000008        0x1 Drivers/STM32F4xx_HAL_Driver/Src/stm32f4xx_hal.o
                0x0000000020000008                uwTickFreq
                0x000000002000000c                . = ALIGN (0x4)
 *fill*         0x0000000020000009        0x3 
                0x000000002000000c                _edata = .

.igot.plt       0x000000002000000c        0x0 load address 0x0000000008002dfc
 .igot.plt      0x000000002000000c        0x0 d:/st/stm32cubeide_1.2.0/stm32cubeide/plugins/com.st.stm32cube.ide.mcu.externaltools.gnu-tools-for-stm32.7-2018-q2-update.win32_1.0.0.201904181610/tools/bin/../lib/gcc/arm-none-eabi/7.3.1/thumb/v7e-m/fpv4-sp/hard/crtbegin.o
                0x000000002000000c                . = ALIGN (0x4)

.bss            0x000000002000000c      0x118 load address 0x0000000008002dfc
                0x000000002000000c                _sbss = .
                0x000000002000000c                __bss_start__ = _sbss
 *(.bss)
 .bss           0x000000002000000c       0x1c d:/st/stm32cubeide_1.2.0/stm32cubeide/plugins/com.st.stm32cube.ide.mcu.externaltools.gnu-tools-for-stm32.7-2018-q2-update.win32_1.0.0.201904181610/tools/bin/../lib/gcc/arm-none-eabi/7.3.1/thumb/v7e-m/fpv4-sp/hard/crtbegin.o
 *(.bss*)
 *(COMMON)
 COMMON         0x0000000020000028       0x60 Core/Src/CC120x.o
                0x0000000020000028                GPIO_Pin
                0x000000002000002c                GPIOx
                0x0000000020000030                spi
 COMMON         0x0000000020000088       0x58 Core/Src/spi.o
                0x0000000020000088                hspi3
 COMMON         0x00000000200000e0       0x40 Core/Src/usart.o
                0x00000000200000e0                huart1
 COMMON         0x0000000020000120        0x4 Drivers/STM32F4xx_HAL_Driver/Src/stm32f4xx_hal.o
                0x0000000020000120                uwTick
                0x0000000020000124                . = ALIGN (0x4)
                0x0000000020000124                _ebss = .
                0x0000000020000124                __bss_end__ = _ebss

._user_heap_stack
                0x0000000020000124      0x604 load address 0x0000000008002dfc
                0x0000000020000128                . = ALIGN (0x8)
 *fill*         0x0000000020000124        0x4 
                0x0000000020000128                PROVIDE (end = .)
                [!provide]                        PROVIDE (_end = .)
                0x0000000020000328                . = (. + _Min_Heap_Size)
 *fill*         0x0000000020000128      0x200 
                0x0000000020000728                . = (. + _Min_Stack_Size)
 *fill*         0x0000000020000328      0x400 
                0x0000000020000728                . = ALIGN (0x8)

/DISCARD/
 libc.a(*)
 libm.a(*)
 libgcc.a(*)

.ARM.attributes
                0x0000000000000000       0x30
 *(.ARM.attributes)
 .ARM.attributes
                0x0000000000000000       0x22 d:/st/stm32cubeide_1.2.0/stm32cubeide/plugins/com.st.stm32cube.ide.mcu.externaltools.gnu-tools-for-stm32.7-2018-q2-update.win32_1.0.0.201904181610/tools/bin/../lib/gcc/arm-none-eabi/7.3.1/thumb/v7e-m/fpv4-sp/hard/crti.o
 .ARM.attributes
                0x0000000000000022       0x34 d:/st/stm32cubeide_1.2.0/stm32cubeide/plugins/com.st.stm32cube.ide.mcu.externaltools.gnu-tools-for-stm32.7-2018-q2-update.win32_1.0.0.201904181610/tools/bin/../lib/gcc/arm-none-eabi/7.3.1/thumb/v7e-m/fpv4-sp/hard/crtbegin.o
 .ARM.attributes
                0x0000000000000056       0x39 Core/Src/CC120x.o
 .ARM.attributes
                0x000000000000008f       0x39 Core/Src/gpio.o
 .ARM.attributes
                0x00000000000000c8       0x39 Core/Src/main.o
 .ARM.attributes
                0x0000000000000101       0x39 Core/Src/spi.o
 .ARM.attributes
                0x000000000000013a       0x39 Core/Src/stm32f4xx_hal_msp.o
 .ARM.attributes
                0x0000000000000173       0x39 Core/Src/stm32f4xx_it.o
 .ARM.attributes
                0x00000000000001ac       0x39 Core/Src/system_stm32f4xx.o
 .ARM.attributes
                0x00000000000001e5       0x39 Core/Src/usart.o
 .ARM.attributes
                0x000000000000021e       0x21 Core/Startup/startup_stm32f407vgtx.o
 .ARM.attributes
                0x000000000000023f       0x39 Drivers/STM32F4xx_HAL_Driver/Src/stm32f4xx_hal.o
 .ARM.attributes
                0x0000000000000278       0x39 Drivers/STM32F4xx_HAL_Driver/Src/stm32f4xx_hal_cortex.o
 .ARM.attributes
                0x00000000000002b1       0x39 Drivers/STM32F4xx_HAL_Driver/Src/stm32f4xx_hal_gpio.o
 .ARM.attributes
                0x00000000000002ea       0x39 Drivers/STM32F4xx_HAL_Driver/Src/stm32f4xx_hal_rcc.o
 .ARM.attributes
                0x0000000000000323       0x39 Drivers/STM32F4xx_HAL_Driver/Src/stm32f4xx_hal_spi.o
 .ARM.attributes
                0x000000000000035c       0x39 Drivers/STM32F4xx_HAL_Driver/Src/stm32f4xx_hal_uart.o
 .ARM.attributes
                0x0000000000000395       0x34 d:/st/stm32cubeide_1.2.0/stm32cubeide/plugins/com.st.stm32cube.ide.mcu.externaltools.gnu-tools-for-stm32.7-2018-q2-update.win32_1.0.0.201904181610/tools/bin/../lib/gcc/arm-none-eabi/7.3.1/../../../../arm-none-eabi/lib/thumb/v7e-m/fpv4-sp/hard\libc_nano.a(lib_a-init.o)
 .ARM.attributes
                0x00000000000003c9       0x34 d:/st/stm32cubeide_1.2.0/stm32cubeide/plugins/com.st.stm32cube.ide.mcu.externaltools.gnu-tools-for-stm32.7-2018-q2-update.win32_1.0.0.201904181610/tools/bin/../lib/gcc/arm-none-eabi/7.3.1/../../../../arm-none-eabi/lib/thumb/v7e-m/fpv4-sp/hard\libc_nano.a(lib_a-memcpy-stub.o)
 .ARM.attributes
                0x00000000000003fd       0x34 d:/st/stm32cubeide_1.2.0/stm32cubeide/plugins/com.st.stm32cube.ide.mcu.externaltools.gnu-tools-for-stm32.7-2018-q2-update.win32_1.0.0.201904181610/tools/bin/../lib/gcc/arm-none-eabi/7.3.1/../../../../arm-none-eabi/lib/thumb/v7e-m/fpv4-sp/hard\libc_nano.a(lib_a-memset.o)
 .ARM.attributes
                0x0000000000000431       0x22 d:/st/stm32cubeide_1.2.0/stm32cubeide/plugins/com.st.stm32cube.ide.mcu.externaltools.gnu-tools-for-stm32.7-2018-q2-update.win32_1.0.0.201904181610/tools/bin/../lib/gcc/arm-none-eabi/7.3.1/thumb/v7e-m/fpv4-sp/hard\libgcc.a(_aeabi_uldivmod.o)
 .ARM.attributes
                0x0000000000000453       0x34 d:/st/stm32cubeide_1.2.0/stm32cubeide/plugins/com.st.stm32cube.ide.mcu.externaltools.gnu-tools-for-stm32.7-2018-q2-update.win32_1.0.0.201904181610/tools/bin/../lib/gcc/arm-none-eabi/7.3.1/thumb/v7e-m/fpv4-sp/hard\libgcc.a(_udivmoddi4.o)
 .ARM.attributes
                0x0000000000000487       0x22 d:/st/stm32cubeide_1.2.0/stm32cubeide/plugins/com.st.stm32cube.ide.mcu.externaltools.gnu-tools-for-stm32.7-2018-q2-update.win32_1.0.0.201904181610/tools/bin/../lib/gcc/arm-none-eabi/7.3.1/thumb/v7e-m/fpv4-sp/hard\libgcc.a(_dvmd_tls.o)
 .ARM.attributes
                0x00000000000004a9       0x22 d:/st/stm32cubeide_1.2.0/stm32cubeide/plugins/com.st.stm32cube.ide.mcu.externaltools.gnu-tools-for-stm32.7-2018-q2-update.win32_1.0.0.201904181610/tools/bin/../lib/gcc/arm-none-eabi/7.3.1/thumb/v7e-m/fpv4-sp/hard/crtn.o
OUTPUT(SDK1.1M_RF433_VGT6.elf elf32-littlearm)

.debug_info     0x0000000000000000     0x88ff
 .debug_info    0x0000000000000000      0x90b Core/Src/CC120x.o
 .debug_info    0x000000000000090b      0x4e4 Core/Src/gpio.o
 .debug_info    0x0000000000000def      0xc81 Core/Src/main.o
 .debug_info    0x0000000000001a70      0x9b7 Core/Src/spi.o
 .debug_info    0x0000000000002427      0x362 Core/Src/stm32f4xx_hal_msp.o
 .debug_info    0x0000000000002789      0x20a Core/Src/stm32f4xx_it.o
 .debug_info    0x0000000000002993      0x554 Core/Src/system_stm32f4xx.o
 .debug_info    0x0000000000002ee7      0x94a Core/Src/usart.o
 .debug_info    0x0000000000003831       0x22 Core/Startup/startup_stm32f407vgtx.o
 .debug_info    0x0000000000003853      0x945 Drivers/STM32F4xx_HAL_Driver/Src/stm32f4xx_hal.o
 .debug_info    0x0000000000004198      0xe28 Drivers/STM32F4xx_HAL_Driver/Src/stm32f4xx_hal_cortex.o
 .debug_info    0x0000000000004fc0      0x7b5 Drivers/STM32F4xx_HAL_Driver/Src/stm32f4xx_hal_gpio.o
 .debug_info    0x0000000000005775      0x904 Drivers/STM32F4xx_HAL_Driver/Src/stm32f4xx_hal_rcc.o
 .debug_info    0x0000000000006079     0x163a Drivers/STM32F4xx_HAL_Driver/Src/stm32f4xx_hal_spi.o
 .debug_info    0x00000000000076b3     0x124c Drivers/STM32F4xx_HAL_Driver/Src/stm32f4xx_hal_uart.o

.debug_abbrev   0x0000000000000000     0x1803
 .debug_abbrev  0x0000000000000000      0x1a9 Core/Src/CC120x.o
 .debug_abbrev  0x00000000000001a9      0x134 Core/Src/gpio.o
 .debug_abbrev  0x00000000000002dd      0x197 Core/Src/main.o
 .debug_abbrev  0x0000000000000474      0x199 Core/Src/spi.o
 .debug_abbrev  0x000000000000060d      0x109 Core/Src/stm32f4xx_hal_msp.o
 .debug_abbrev  0x0000000000000716       0xc6 Core/Src/stm32f4xx_it.o
 .debug_abbrev  0x00000000000007dc      0x12b Core/Src/system_stm32f4xx.o
 .debug_abbrev  0x0000000000000907      0x199 Core/Src/usart.o
 .debug_abbrev  0x0000000000000aa0       0x12 Core/Startup/startup_stm32f407vgtx.o
 .debug_abbrev  0x0000000000000ab2      0x1c7 Drivers/STM32F4xx_HAL_Driver/Src/stm32f4xx_hal.o
 .debug_abbrev  0x0000000000000c79      0x2fa Drivers/STM32F4xx_HAL_Driver/Src/stm32f4xx_hal_cortex.o
 .debug_abbrev  0x0000000000000f73      0x1c9 Drivers/STM32F4xx_HAL_Driver/Src/stm32f4xx_hal_gpio.o
 .debug_abbrev  0x000000000000113c      0x245 Drivers/STM32F4xx_HAL_Driver/Src/stm32f4xx_hal_rcc.o
 .debug_abbrev  0x0000000000001381      0x240 Drivers/STM32F4xx_HAL_Driver/Src/stm32f4xx_hal_spi.o
 .debug_abbrev  0x00000000000015c1      0x242 Drivers/STM32F4xx_HAL_Driver/Src/stm32f4xx_hal_uart.o

.debug_aranges  0x0000000000000000      0x848
 .debug_aranges
                0x0000000000000000       0x40 Core/Src/CC120x.o
 .debug_aranges
                0x0000000000000040       0x20 Core/Src/gpio.o
 .debug_aranges
                0x0000000000000060       0x30 Core/Src/main.o
 .debug_aranges
                0x0000000000000090       0x30 Core/Src/spi.o
 .debug_aranges
                0x00000000000000c0       0x20 Core/Src/stm32f4xx_hal_msp.o
 .debug_aranges
                0x00000000000000e0       0x60 Core/Src/stm32f4xx_it.o
 .debug_aranges
                0x0000000000000140       0x28 Core/Src/system_stm32f4xx.o
 .debug_aranges
                0x0000000000000168       0x30 Core/Src/usart.o
 .debug_aranges
                0x0000000000000198       0x28 Core/Startup/startup_stm32f407vgtx.o
 .debug_aranges
                0x00000000000001c0       0xf0 Drivers/STM32F4xx_HAL_Driver/Src/stm32f4xx_hal.o
 .debug_aranges
                0x00000000000002b0      0x118 Drivers/STM32F4xx_HAL_Driver/Src/stm32f4xx_hal_cortex.o
 .debug_aranges
                0x00000000000003c8       0x58 Drivers/STM32F4xx_HAL_Driver/Src/stm32f4xx_hal_gpio.o
 .debug_aranges
                0x0000000000000420       0x88 Drivers/STM32F4xx_HAL_Driver/Src/stm32f4xx_hal_rcc.o
 .debug_aranges
                0x00000000000004a8      0x1d0 Drivers/STM32F4xx_HAL_Driver/Src/stm32f4xx_hal_spi.o
 .debug_aranges
                0x0000000000000678      0x1d0 Drivers/STM32F4xx_HAL_Driver/Src/stm32f4xx_hal_uart.o

.debug_ranges   0x0000000000000000      0x760
 .debug_ranges  0x0000000000000000       0x30 Core/Src/CC120x.o
 .debug_ranges  0x0000000000000030       0x10 Core/Src/gpio.o
 .debug_ranges  0x0000000000000040       0x20 Core/Src/main.o
 .debug_ranges  0x0000000000000060       0x20 Core/Src/spi.o
 .debug_ranges  0x0000000000000080       0x10 Core/Src/stm32f4xx_hal_msp.o
 .debug_ranges  0x0000000000000090       0x50 Core/Src/stm32f4xx_it.o
 .debug_ranges  0x00000000000000e0       0x18 Core/Src/system_stm32f4xx.o
 .debug_ranges  0x00000000000000f8       0x20 Core/Src/usart.o
 .debug_ranges  0x0000000000000118       0x20 Core/Startup/startup_stm32f407vgtx.o
 .debug_ranges  0x0000000000000138       0xe0 Drivers/STM32F4xx_HAL_Driver/Src/stm32f4xx_hal.o
 .debug_ranges  0x0000000000000218      0x108 Drivers/STM32F4xx_HAL_Driver/Src/stm32f4xx_hal_cortex.o
 .debug_ranges  0x0000000000000320       0x48 Drivers/STM32F4xx_HAL_Driver/Src/stm32f4xx_hal_gpio.o
 .debug_ranges  0x0000000000000368       0x78 Drivers/STM32F4xx_HAL_Driver/Src/stm32f4xx_hal_rcc.o
 .debug_ranges  0x00000000000003e0      0x1c0 Drivers/STM32F4xx_HAL_Driver/Src/stm32f4xx_hal_spi.o
 .debug_ranges  0x00000000000005a0      0x1c0 Drivers/STM32F4xx_HAL_Driver/Src/stm32f4xx_hal_uart.o

.debug_macro    0x0000000000000000    0x201a1
 .debug_macro   0x0000000000000000      0x1db Core/Src/CC120x.o
 .debug_macro   0x00000000000001db      0xa5a Core/Src/CC120x.o
 .debug_macro   0x0000000000000c35      0x18a Core/Src/CC120x.o
 .debug_macro   0x0000000000000dbf       0x32 Core/Src/CC120x.o
 .debug_macro   0x0000000000000df1       0x2f Core/Src/CC120x.o
 .debug_macro   0x0000000000000e20       0x22 Core/Src/CC120x.o
 .debug_macro   0x0000000000000e42       0x8e Core/Src/CC120x.o
 .debug_macro   0x0000000000000ed0       0x51 Core/Src/CC120x.o
 .debug_macro   0x0000000000000f21       0xef Core/Src/CC120x.o
 .debug_macro   0x0000000000001010       0x6a Core/Src/CC120x.o
 .debug_macro   0x000000000000107a      0x1df Core/Src/CC120x.o
 .debug_macro   0x0000000000001259       0x1c Core/Src/CC120x.o
 .debug_macro   0x0000000000001275       0x22 Core/Src/CC120x.o
 .debug_macro   0x0000000000001297       0xdf Core/Src/CC120x.o
 .debug_macro   0x0000000000001376     0x102d Core/Src/CC120x.o
 .debug_macro   0x00000000000023a3      0x11f Core/Src/CC120x.o
 .debug_macro   0x00000000000024c2    0x15e3c Core/Src/CC120x.o
 .debug_macro   0x00000000000182fe       0x43 Core/Src/CC120x.o
 .debug_macro   0x0000000000018341     0x3652 Core/Src/CC120x.o
 .debug_macro   0x000000000001b993      0x174 Core/Src/CC120x.o
 .debug_macro   0x000000000001bb07       0x5a Core/Src/CC120x.o
 .debug_macro   0x000000000001bb61      0x96b Core/Src/CC120x.o
 .debug_macro   0x000000000001c4cc      0x9fe Core/Src/CC120x.o
 .debug_macro   0x000000000001ceca      0x174 Core/Src/CC120x.o
 .debug_macro   0x000000000001d03e      0x117 Core/Src/CC120x.o
 .debug_macro   0x000000000001d155      0x13e Core/Src/CC120x.o
 .debug_macro   0x000000000001d293       0x27 Core/Src/CC120x.o
 .debug_macro   0x000000000001d2ba      0x287 Core/Src/CC120x.o
 .debug_macro   0x000000000001d541       0x5f Core/Src/CC120x.o
 .debug_macro   0x000000000001d5a0      0x236 Core/Src/CC120x.o
 .debug_macro   0x000000000001d7d6      0x12c Core/Src/CC120x.o
 .debug_macro   0x000000000001d902      0x21e Core/Src/CC120x.o
 .debug_macro   0x000000000001db20       0x2e Core/Src/CC120x.o
 .debug_macro   0x000000000001db4e      0x11a Core/Src/CC120x.o
 .debug_macro   0x000000000001dc68       0x7e Core/Src/CC120x.o
 .debug_macro   0x000000000001dce6       0x89 Core/Src/CC120x.o
 .debug_macro   0x000000000001dd6f      0x225 Core/Src/CC120x.o
 .debug_macro   0x000000000001df94      0x287 Core/Src/CC120x.o
 .debug_macro   0x000000000001e21b      0x12d Core/Src/CC120x.o
 .debug_macro   0x000000000001e348       0x22 Core/Src/CC120x.o
 .debug_macro   0x000000000001e36a      0x1dd Core/Src/gpio.o
 .debug_macro   0x000000000001e547       0x1c Core/Src/gpio.o
 .debug_macro   0x000000000001e563      0x206 Core/Src/main.o
 .debug_macro   0x000000000001e769      0x5a2 Core/Src/main.o
 .debug_macro   0x000000000001ed0b      0x1dd Core/Src/spi.o
 .debug_macro   0x000000000001eee8      0x1d3 Core/Src/stm32f4xx_hal_msp.o
 .debug_macro   0x000000000001f0bb      0x1dd Core/Src/stm32f4xx_it.o
 .debug_macro   0x000000000001f298      0x1ca Core/Src/system_stm32f4xx.o
 .debug_macro   0x000000000001f462      0x1dd Core/Src/usart.o
 .debug_macro   0x000000000001f63f      0x224 Drivers/STM32F4xx_HAL_Driver/Src/stm32f4xx_hal.o
 .debug_macro   0x000000000001f863      0x1c4 Drivers/STM32F4xx_HAL_Driver/Src/stm32f4xx_hal_cortex.o
 .debug_macro   0x000000000001fa27      0x1fa Drivers/STM32F4xx_HAL_Driver/Src/stm32f4xx_hal_gpio.o
 .debug_macro   0x000000000001fc21      0x1e8 Drivers/STM32F4xx_HAL_Driver/Src/stm32f4xx_hal_rcc.o
 .debug_macro   0x000000000001fe09      0x1d3 Drivers/STM32F4xx_HAL_Driver/Src/stm32f4xx_hal_spi.o
 .debug_macro   0x000000000001ffdc      0x1c5 Drivers/STM32F4xx_HAL_Driver/Src/stm32f4xx_hal_uart.o

.debug_line     0x0000000000000000     0x7c15
 .debug_line    0x0000000000000000      0x703 Core/Src/CC120x.o
 .debug_line    0x0000000000000703      0x6b9 Core/Src/gpio.o
 .debug_line    0x0000000000000dbc      0x745 Core/Src/main.o
 .debug_line    0x0000000000001501      0x6db Core/Src/spi.o
 .debug_line    0x0000000000001bdc      0x6a7 Core/Src/stm32f4xx_hal_msp.o
 .debug_line    0x0000000000002283      0x74b Core/Src/stm32f4xx_it.o
 .debug_line    0x00000000000029ce      0x6c2 Core/Src/system_stm32f4xx.o
 .debug_line    0x0000000000003090      0x6db Core/Src/usart.o
 .debug_line    0x000000000000376b       0x86 Core/Startup/startup_stm32f407vgtx.o
 .debug_line    0x00000000000037f1      0x8ac Drivers/STM32F4xx_HAL_Driver/Src/stm32f4xx_hal.o
 .debug_line    0x000000000000409d      0x9d0 Drivers/STM32F4xx_HAL_Driver/Src/stm32f4xx_hal_cortex.o
 .debug_line    0x0000000000004a6d      0x88b Drivers/STM32F4xx_HAL_Driver/Src/stm32f4xx_hal_gpio.o
 .debug_line    0x00000000000052f8      0x904 Drivers/STM32F4xx_HAL_Driver/Src/stm32f4xx_hal_rcc.o
 .debug_line    0x0000000000005bfc     0x105f Drivers/STM32F4xx_HAL_Driver/Src/stm32f4xx_hal_spi.o
 .debug_line    0x0000000000006c5b      0xfba Drivers/STM32F4xx_HAL_Driver/Src/stm32f4xx_hal_uart.o

.debug_str      0x0000000000000000    0xc01ce
 .debug_str     0x0000000000000000    0xbd06b Core/Src/CC120x.o
                                      0xbd341 (size before relaxing)
 .debug_str     0x00000000000bd06b      0x15e Core/Src/gpio.o
                                      0xbcf6f (size before relaxing)
 .debug_str     0x00000000000bd1c9     0x10e3 Core/Src/main.o
                                      0xbe450 (size before relaxing)
 .debug_str     0x00000000000be2ac       0x4b Core/Src/spi.o
                                      0xbd3cc (size before relaxing)
 .debug_str     0x00000000000be2f7       0x2c Core/Src/stm32f4xx_hal_msp.o
                                      0xbced4 (size before relaxing)
 .debug_str     0x00000000000be323       0xbd Core/Src/stm32f4xx_it.o
                                      0xbce62 (size before relaxing)
 .debug_str     0x00000000000be3e0       0xc4 Core/Src/system_stm32f4xx.o
                                      0xbcf03 (size before relaxing)
 .debug_str     0x00000000000be4a4       0x57 Core/Src/usart.o
                                      0xbd3af (size before relaxing)
 .debug_str     0x00000000000be4fb       0x36 Core/Startup/startup_stm32f407vgtx.o
                                         0x7b (size before relaxing)
 .debug_str     0x00000000000be531      0xa4c Drivers/STM32F4xx_HAL_Driver/Src/stm32f4xx_hal.o
                                      0xbd9d0 (size before relaxing)
 .debug_str     0x00000000000bef7d      0x399 Drivers/STM32F4xx_HAL_Driver/Src/stm32f4xx_hal_cortex.o
                                      0xbd7bf (size before relaxing)
 .debug_str     0x00000000000bf316      0x1fd Drivers/STM32F4xx_HAL_Driver/Src/stm32f4xx_hal_gpio.o
                                      0xbd142 (size before relaxing)
 .debug_str     0x00000000000bf513      0x259 Drivers/STM32F4xx_HAL_Driver/Src/stm32f4xx_hal_rcc.o
                                      0xbd2f0 (size before relaxing)
 .debug_str     0x00000000000bf76c      0x54f Drivers/STM32F4xx_HAL_Driver/Src/stm32f4xx_hal_spi.o
                                      0xbd771 (size before relaxing)
 .debug_str     0x00000000000bfcbb      0x513 Drivers/STM32F4xx_HAL_Driver/Src/stm32f4xx_hal_uart.o
                                      0xbd74f (size before relaxing)

.comment        0x0000000000000000       0x7b
 .comment       0x0000000000000000       0x7b Core/Src/CC120x.o
                                         0x7c (size before relaxing)
 .comment       0x000000000000007b       0x7c Core/Src/gpio.o
 .comment       0x000000000000007b       0x7c Core/Src/main.o
 .comment       0x000000000000007b       0x7c Core/Src/spi.o
 .comment       0x000000000000007b       0x7c Core/Src/stm32f4xx_hal_msp.o
 .comment       0x000000000000007b       0x7c Core/Src/stm32f4xx_it.o
 .comment       0x000000000000007b       0x7c Core/Src/system_stm32f4xx.o
 .comment       0x000000000000007b       0x7c Core/Src/usart.o
 .comment       0x000000000000007b       0x7c Drivers/STM32F4xx_HAL_Driver/Src/stm32f4xx_hal.o
 .comment       0x000000000000007b       0x7c Drivers/STM32F4xx_HAL_Driver/Src/stm32f4xx_hal_cortex.o
 .comment       0x000000000000007b       0x7c Drivers/STM32F4xx_HAL_Driver/Src/stm32f4xx_hal_gpio.o
 .comment       0x000000000000007b       0x7c Drivers/STM32F4xx_HAL_Driver/Src/stm32f4xx_hal_rcc.o
 .comment       0x000000000000007b       0x7c Drivers/STM32F4xx_HAL_Driver/Src/stm32f4xx_hal_spi.o
 .comment       0x000000000000007b       0x7c Drivers/STM32F4xx_HAL_Driver/Src/stm32f4xx_hal_uart.o

.debug_frame    0x0000000000000000     0x2078
 .debug_frame   0x0000000000000000       0xc8 Core/Src/CC120x.o
 .debug_frame   0x00000000000000c8       0x34 Core/Src/gpio.o
 .debug_frame   0x00000000000000fc       0x74 Core/Src/main.o
 .debug_frame   0x0000000000000170       0x74 Core/Src/spi.o
 .debug_frame   0x00000000000001e4       0x38 Core/Src/stm32f4xx_hal_msp.o
 .debug_frame   0x000000000000021c      0x10c Core/Src/stm32f4xx_it.o
 .debug_frame   0x0000000000000328       0x58 Core/Src/system_stm32f4xx.o
 .debug_frame   0x0000000000000380       0x74 Core/Src/usart.o
 .debug_frame   0x00000000000003f4      0x374 Drivers/STM32F4xx_HAL_Driver/Src/stm32f4xx_hal.o
 .debug_frame   0x0000000000000768      0x498 Drivers/STM32F4xx_HAL_Driver/Src/stm32f4xx_hal_cortex.o
 .debug_frame   0x0000000000000c00      0x14c Drivers/STM32F4xx_HAL_Driver/Src/stm32f4xx_hal_gpio.o
 .debug_frame   0x0000000000000d4c      0x1f0 Drivers/STM32F4xx_HAL_Driver/Src/stm32f4xx_hal_rcc.o
 .debug_frame   0x0000000000000f3c      0x824 Drivers/STM32F4xx_HAL_Driver/Src/stm32f4xx_hal_spi.o
 .debug_frame   0x0000000000001760      0x844 Drivers/STM32F4xx_HAL_Driver/Src/stm32f4xx_hal_uart.o
 .debug_frame   0x0000000000001fa4       0x2c d:/st/stm32cubeide_1.2.0/stm32cubeide/plugins/com.st.stm32cube.ide.mcu.externaltools.gnu-tools-for-stm32.7-2018-q2-update.win32_1.0.0.201904181610/tools/bin/../lib/gcc/arm-none-eabi/7.3.1/../../../../arm-none-eabi/lib/thumb/v7e-m/fpv4-sp/hard\libc_nano.a(lib_a-init.o)
 .debug_frame   0x0000000000001fd0       0x28 d:/st/stm32cubeide_1.2.0/stm32cubeide/plugins/com.st.stm32cube.ide.mcu.externaltools.gnu-tools-for-stm32.7-2018-q2-update.win32_1.0.0.201904181610/tools/bin/../lib/gcc/arm-none-eabi/7.3.1/../../../../arm-none-eabi/lib/thumb/v7e-m/fpv4-sp/hard\libc_nano.a(lib_a-memcpy-stub.o)
 .debug_frame   0x0000000000001ff8       0x20 d:/st/stm32cubeide_1.2.0/stm32cubeide/plugins/com.st.stm32cube.ide.mcu.externaltools.gnu-tools-for-stm32.7-2018-q2-update.win32_1.0.0.201904181610/tools/bin/../lib/gcc/arm-none-eabi/7.3.1/../../../../arm-none-eabi/lib/thumb/v7e-m/fpv4-sp/hard\libc_nano.a(lib_a-memset.o)
 .debug_frame   0x0000000000002018       0x2c d:/st/stm32cubeide_1.2.0/stm32cubeide/plugins/com.st.stm32cube.ide.mcu.externaltools.gnu-tools-for-stm32.7-2018-q2-update.win32_1.0.0.201904181610/tools/bin/../lib/gcc/arm-none-eabi/7.3.1/thumb/v7e-m/fpv4-sp/hard\libgcc.a(_aeabi_uldivmod.o)
 .debug_frame   0x0000000000002044       0x34 d:/st/stm32cubeide_1.2.0/stm32cubeide/plugins/com.st.stm32cube.ide.mcu.externaltools.gnu-tools-for-stm32.7-2018-q2-update.win32_1.0.0.201904181610/tools/bin/../lib/gcc/arm-none-eabi/7.3.1/thumb/v7e-m/fpv4-sp/hard\libgcc.a(_udivmoddi4.o)
